// Jest Snapshot v1, https://goo.gl/fbAQLP

exports[`schema validation throws error for invalid input 1`] = `"Missing required field >>name<<"`;
